### SECTION 1: PROBLEM ANALYSIS

- **Crop Condition**: The image shows a close-up of a plant stem with numerous small, brown spots scattered across the leaf surface. These spots appear to be concentrated along the veins of the leaf, which is a common symptom of fungal or bacterial leaf spot diseases.
- **Visible Symptoms**: The presence of brown spots on the leaf surface, particularly along the veins, is indicative of a leaf spot disease. The spots are small and numerous, suggesting a high level of infection.
- **Probable Causes**: The most likely cause of these symptoms is a fungal or bacterial infection. Factors such as high humidity, poor air circulation, and waterlogging can increase the likelihood of these pathogens thriving and spreading. Additionally, the presence of the spots along the veins suggests that the pathogen may be entering through the stomata or other openings in the leaf.

### SECTION 2: ALL POSSIBLE SOLUTIONS

- **Chemical Solutions**:
  - **Fungicides**: Apply a broad-spectrum fungicide to control the infection. Choose a fungicide that is effective against the specific pathogen causing the leaf spot. Ensure proper application according to the label instructions to avoid harm to the plant and the environment.
  - **Bactericides**: If the pathogen is bacterial, a bactericide may be necessary. Follow the same precautions as with fungicides for application and safety.
  - **Insecticides**: If there is an associated insect vector, an insecticide may be needed to control the pest. Ensure the insecticide is compatible with the fungicide or bactericide being used.

- **Biological Solutions**:
  - **Beneficial Fungi**: Introduce beneficial fungi such as Trichoderma or Gliocladium to the soil to suppress the pathogen. These fungi can compete with the pathogen for resources and inhibit its growth.
  - **Bacillus Subtilis**: This bacterium can suppress the growth of certain pathogens and is often used as a biocontrol agent. Apply it according to the manufacturer's instructions.

- **Mechanical Solutions**:
  - **Pruning**: Remove and destroy infected leaves to prevent the spread of the pathogen. Prune the plant to improve air circulation and reduce humidity around the leaves.
  - **Water Management**: Ensure proper irrigation practices to avoid waterlogging. Water the plant in the morning to allow the leaves to dry out during the day, reducing the chances of fungal growth.

- **Environmental Solutions**:
  - **Crop Rotation**: Rotate the crop with other plants that are not susceptible to the same pathogens to reduce the buildup of disease in the soil.
  - **Cultural Practices**: Maintain good cultural practices, such as proper spacing between plants to improve air circulation and reduce humidity.
  - **Soil Management**: Improve soil drainage and aeration to reduce waterlogging. Apply organic matter to the soil to enhance its structure and fertility, which can improve the plant's resistance to disease.

- **Precautions**:
  - Always read and follow the product labels for all chemicals used to ensure proper application and safety.
  - Consider the environmental impact of any chemical treatments and choose the least toxic option that is effective.
  - Monitor the plant for any signs of recovery or further infection after treatment and adjust the management plan as necessary.

By addressing the problem with a combination of chemical, biological, mechanical, and environmental solutions, the likelihood of controlling the leaf spot disease and preventing further spread can be significantly increased.