### SECTION 1: PROBLEM ANALYSIS

- **Crop Condition**: The image shows a leaf with numerous small, circular, brown spots scattered across the surface. This is indicative of a fungal disease, commonly known as brown spot or leaf spot.
- **Visible Symptoms**: The symptoms include the presence of brown spots on the leaf, which are likely caused by fungal spores. These spots can develop into larger lesions that can lead to leaf discoloration and potential defoliation if left untreated.
- **Probable Causes**: The most probable cause of this disease is the presence of a fungal pathogen. This could be exacerbated by environmental factors such as high humidity, poor air circulation, and overwatering. The lack of specific environmental data (temperature, humidity, wind, soil pH, and light) makes it difficult to pinpoint the exact conditions that are conducive to the growth of the fungus.

### SECTION 2: ALL POSSIBLE SOLUTIONS

- **Chemical Solutions**:
  - **Fungicides**: Apply a registered fungicide specifically targeted against fungal leaf spot diseases. Follow the manufacturer's instructions for application rates and timing. Precautions should be taken to avoid drift, as some fungicides can be harmful to other plants and wildlife.
  - **Organic Fungicides**: Use organic fungicides such as neem oil or copper-based products. These are less toxic to beneficial insects and the environment. Apply according to the product label, and ensure proper coverage to prevent re-infection.

- **Biological Solutions**:
  - **Beneficial Fungi**: Introduce beneficial fungi such as Trichoderma, which can suppress fungal diseases by competing for resources and producing antifungal compounds. This can be done through soil drenching or foliar application. Ensure the soil is conducive to the growth of these beneficial fungi, which typically thrive in moist, well-aerated conditions.
  - **Microbial Inoculants**: Apply microbial inoculants that contain beneficial bacteria and fungi that can suppress disease by competing with pathogens or producing antifungal compounds. These can be applied as a soil drench or foliar spray.

- **Mechanical Solutions**:
  - **Pruning and Removal**: Remove and destroy infected leaves and debris to reduce the source of infection. This can be done manually or with a leaf blower to remove infected leaves from the crop. Be cautious not to damage healthy parts of the plant.
  - **Cultural Practices**: Improve air circulation by spacing plants appropriately and avoiding overcrowding. Ensure the crop is not waterlogged by improving drainage and avoiding overwatering. Regularly monitor the crop for signs of disease and remove infected plants to prevent the spread of the disease.

- **Environmental Solutions**:
  - **Soil Management**: Ensure the soil pH is within the optimal range for the crop, which typically ranges from 6.0 to 7.0 for most crops. This can help in maintaining a healthy soil environment that is less conducive to fungal growth.
  - **Water Management**: Implement proper irrigation practices to avoid waterlogging. Ensure the crop is watered at the base to minimize leaf wetness, which can promote fungal growth. Avoid overhead watering and ensure the soil is well-drained.

- **Precautions**:
  - Always read and follow the instructions on the product labels for all chemical and biological solutions to ensure safe and effective use.
  - Monitor the crop regularly for signs of disease recurrence and adjust management practices as needed.
  - Consider the use of integrated pest management (IPM) strategies that combine multiple control methods to manage the disease effectively and minimize the risk of resistance development in the pathogen.

By addressing the environmental conditions and implementing a combination of chemical, biological, and cultural solutions, it is possible to manage and control the fungal leaf spot disease effectively.