Sender    : client1
Receiver  : client2
Timestamp : 2025-12-27T19:29:12.604508
Size      : 2219 bytes
------------------------------------------------------------

### SECTION 1: PROBLEM ANALYSIS

- **Crop Condition**: The image shows a plant with brown spots and discoloration on the leaves, which is indicative of a fungal disease.
- **Visible Symptoms**: The symptoms include brown spots and discoloration on the leaf surface. These spots are typically associated with fungal infections.
- **Probable Causes**: The brown spots on the leaves suggest a fungal disease, possibly Alternaria leaf blight or another similar fungal infection. This is common in crops like wheat, barley, and other grasses. The disease can be spread through wind, rain, or infected seeds and can thrive in humid conditions.

### SECTION 2: ALL POSSIBLE SOLUTIONS

- **Chemical Solutions**:
  - Apply fungicides specifically targeted against the identified fungal pathogen. Ensure to follow the manufacturer's instructions for application rates and timing.
  - Use a protective spray to prevent the spread of the disease to healthy parts of the plant.

- **Biological Solutions**:
  - Introduce beneficial fungi or bacteria that can compete with the pathogenic fungi for resources, thereby reducing the disease.
  - Use biocontrol agents such as Trichoderma, which can suppress fungal diseases.

- **Mechanical Solutions**:
  - Regularly remove and dispose of infected plant parts to prevent the spread of the disease.
  - Practice crop rotation to reduce the buildup of disease-causing agents in the soil.

- **Environmental Solutions**:
  - Maintain proper field drainage to avoid waterlogging, which can exacerbate fungal growth.
  - Ensure adequate air circulation around the plants to reduce humidity and promote drying of the leaves.
  - Monitor the weather and environmental conditions to predict disease outbreaks and take preventive measures.

- **Precautions**:
  - Always test any new chemical treatments on a small area of the field before applying them to the entire crop.
  - Ensure that all biological and mechanical solutions are applied consistently and thoroughly.
  - Regularly monitor the crop for signs of disease recurrence and adjust management strategies accordingly.

By considering these solutions, the crop can be managed effectively to minimize the impact of the fungal disease.