Sender    : client1
Receiver  : client2
Timestamp : 2025-12-25T04:47:02.065932
Size      : 3025 bytes
------------------------------------------------------------

### SECTION 1: PROBLEM ANALYSIS

- **Crop Condition**: The image shows a leaf with numerous brown spots and lesions, which are indicative of fungal or bacterial leaf spot diseases. These symptoms are typically characterized by irregularly shaped spots that can coalesce into larger lesions.
- **Visible Symptoms**: The leaf has multiple brown spots and lesions, which are likely caused by a pathogen. The spots are scattered across the leaf surface, suggesting a widespread infection.
- **Probable Causes**: The presence of these symptoms is likely due to a fungal or bacterial infection. Factors such as high humidity, poor air circulation, and overwatering can contribute to the development of these diseases. Additionally, the presence of other stressors like nutrient deficiencies or pest damage can exacerbate the disease.

### SECTION 2: ALL POSSIBLE SOLUTIONS

- **Chemical Solutions**:
  - Apply a fungicide specifically targeted against the identified pathogen. Follow the manufacturer's instructions for application rates and timing.
  - Ensure proper coverage of the affected area to prevent re-infection.
  - Monitor the crop for any signs of resistance to the fungicide and switch to a different product if necessary.

- **Biological Solutions**:
  - Introduce beneficial microorganisms or predatory insects that can help control the pathogen. For example, beneficial nematodes or certain species of bacteria can be applied to the soil or sprayed onto the foliage.
  - Encourage the growth of beneficial fungi like Trichoderma, which can compete with pathogens for resources and suppress their growth.

- **Mechanical Solutions**:
  - Remove and destroy infected leaves to prevent the spread of the disease. This can be done by manually removing the leaves or using a blower to disperse the infected material.
  - Improve air circulation by ensuring proper spacing between plants and avoiding overcrowding. This can help reduce the humidity around the plants and slow the spread of the disease.

- **Environmental Solutions**:
  - Maintain proper irrigation practices to avoid overwatering, which can promote the growth of pathogens. Ensure that the soil is well-drained and that excess water is not retained.
  - Improve soil health by adding organic matter and ensuring adequate nutrient levels. This can help the plant resist disease by improving its overall health and vigor.
  - Monitor the weather conditions and take preventive measures if high humidity is expected. This can include using fans or other ventilation systems to reduce humidity in the growing area.

- **Precautions**:
  - Always read and follow the instructions on the product labels for fungicides and other treatments.
  - Monitor the crop for any signs of resistance to the treatments and adjust as necessary.
  - Ensure that any biological treatments are compatible with the crop and the environment.
  - Implement a regular monitoring and maintenance schedule to prevent the spread of the disease and to ensure the health of the crop.