Sender    : client1
Receiver  : client2
Timestamp : 2025-12-25T04:42:57.464361
Size      : 3160 bytes
------------------------------------------------------------

### SECTION 1: PROBLEM ANALYSIS

- **Crop Condition**: The image shows a crop with leaf tissue exhibiting brown spots and lesions, which are indicative of a fungal disease. The lesions are scattered across the leaf, suggesting a possible infection that has spread across the plant.
- **Visible Symptoms**: The symptoms include brown spots and lesions on the leaf surface. These lesions are typically caused by fungal pathogens, which can lead to reduced photosynthesis and overall plant health.
- **Probable Causes**: The most likely cause of these symptoms is a fungal disease, possibly Alternaria or Fusarium, which are common pathogens affecting crops like wheat, barley, and other grasses. The presence of these lesions can be attributed to environmental factors such as high humidity, poor air circulation, and inadequate irrigation practices.

### SECTION 2: ALL POSSIBLE SOLUTIONS

- **Chemical Solutions**:
  - **Fungicides**: Apply fungicides that are effective against the specific fungal pathogen identified. Ensure to follow the label instructions for proper application and timing.
  - **Baking Soda Spray**: Mix baking soda with water and apply as a preventive measure. This can help control early stages of fungal infections.
  - **Neem Oil**: Apply neem oil as a natural fungicide. It has been shown to be effective against various fungal pathogens.

- **Biological Solutions**:
  - **Beneficial Fungi**: Introduce beneficial fungi such as Trichoderma, which can help suppress fungal diseases by competing for resources and producing antifungal compounds.
  - **Biocontrol Agents**: Use biocontrol agents like predatory mites or beneficial nematodes that can help control the population of the fungal pathogens.

- **Mechanical Solutions**:
  - **Pruning**: Remove affected leaves and branches to prevent the spread of the disease. Ensure that the pruning tools are sterilized to avoid spreading the disease to healthy parts of the plant.
  - **Aeration**: Improve air circulation around the plants by adjusting the planting density and ensuring good air movement in the field.

- **Environmental Solutions**:
  - **Irrigation Management**: Ensure proper irrigation practices to avoid waterlogged soils, which can promote fungal growth. Avoid overhead watering and ensure that the soil is well-drained.
  - **Crop Rotation**: Rotate crops to avoid continuous planting of susceptible crops in the same field, which can help reduce the buildup of fungal pathogens.
  - **Soil Management**: Improve soil health by adding organic matter and maintaining a balanced pH. This can help improve the plant's resistance to fungal diseases.

- **Precautions**:
  - Always test any new fungicide or biological control agent on a small area of the crop to ensure compatibility and effectiveness.
  - Ensure that all chemical applications are done according to the label instructions to avoid harm to the environment and the crop.
  - Regular monitoring of the crop for signs of disease is crucial to catch and treat infections early.

By implementing these solutions, the crop's health can be improved, and the spread of the fungal disease can be controlled.