Sender    : client1
Receiver  : client2
Timestamp : 2025-12-25T04:56:11.228926
Size      : 3513 bytes
------------------------------------------------------------

### SECTION 1: PROBLEM ANALYSIS

- **Crop Condition**: The crop appears to be suffering from leaf spot disease, characterized by the presence of numerous small, circular, brown spots on the leaves. This is a common symptom of fungal or bacterial infections.
- **Visible Symptoms**: The spots are distributed across the leaf surface, indicating a widespread infection. The leaf spots are surrounded by a yellowish halo, which is typical of many fungal leaf spot diseases.
- **Probable Causes**: The most likely cause of this leaf spot disease is a fungal pathogen, such as Alternaria, which is common in many crops. The disease can be spread through wind, rain, or splashing water, and it thrives in humid conditions. The presence of brown spots suggests that the infection is at an advanced stage, and the plant may be under stress.

### SECTION 2: ALL POSSIBLE SOLUTIONS

- **Chemical Solutions**:
  - **Fungicides**: Apply a fungicide specifically targeted against fungal leaf spot diseases. Ensure proper application rates and timing to maximize efficacy and minimize environmental impact.
  - **Copper-based Fungicides**: Copper-based fungicides can be effective in controlling leaf spot diseases. Apply them according to the manufacturer's instructions to prevent resistance.
  - **Systemic Fungicides**: Apply systemic fungicides that are absorbed by the plant and move through the vascular system, providing broad-spectrum protection against various fungal pathogens.

- **Biological Solutions**:
  - **Biological Control Agents**: Introduce beneficial microorganisms or predators that can help control the fungal population. For example, beneficial fungi like Trichoderma can be applied to the soil or sprayed on the leaves.
  - **Biofungicides**: Use biofungicides that contain living microorganisms that inhibit the growth of pathogens. These can be more environmentally friendly than chemical fungicides.

- **Mechanical Solutions**:
  - **Pruning and Removal**: Remove and destroy infected leaves and branches to prevent the spread of the disease. This can help reduce the inoculum in the environment.
  - **Cultural Practices**: Improve crop management practices such as proper irrigation, spacing, and fertilization to enhance plant health and reduce stress. Ensure adequate air circulation to reduce humidity and prevent the spread of the disease.

- **Environmental Solutions**:
  - **Water Management**: Ensure proper irrigation practices to avoid waterlogging and reduce humidity around the plants. Avoid overhead watering and ensure that the soil is well-drained.
  - **Crop Rotation**: Rotate crops to avoid continuous planting of susceptible crops, which can reduce the buildup of pathogens in the soil.
  - **Temperature and Humidity Control**: Maintain optimal temperature and humidity levels in the growing environment to reduce the likelihood of disease development. This can be achieved through proper ventilation and climate control systems.

- **Precautions**:
  - Always follow the manufacturer's instructions for application of fungicides and other chemicals to ensure safety and efficacy.
  - Monitor the crop regularly for signs of disease recurrence and adjust management practices accordingly.
  - Consider the long-term impact of chemical applications on the environment and the soil microbiome.

By addressing the problem with a combination of chemical, biological, mechanical, and environmental solutions, the crop can be effectively managed and the disease can be controlled.