Sender    : client1
Receiver  : client2
Timestamp : 2025-12-25T05:03:17.311432
Size      : 3147 bytes
------------------------------------------------------------

### SECTION 1: PROBLEM ANALYSIS

- **Crop Condition**: The image shows a crop with leaf blades that exhibit brown spots and lesions. These symptoms are indicative of a disease.
- **Visible Symptoms**: The brown spots are scattered across the leaf surface, and some lesions appear to have a concentric ring pattern, which is characteristic of fungal diseases.
- **Probable Causes**: Based on the symptoms, this could be a fungal disease, such as brown spot or leaf blight. Common fungal pathogens that cause such symptoms include Alternaria, Cladosporium, or Septoria. The presence of these pathogens is often associated with high humidity and poor air circulation, which can create favorable conditions for fungal growth.

### SECTION 2: ALL POSSIBLE SOLUTIONS

- **Chemical Solutions**:
  - Apply a fungicide with a broad-spectrum action to control the fungus. Examples include copper-based fungicides or triazole fungicides like Tebuconazole or Propiconazole.
  - Ensure proper application timing and coverage to maximize efficacy. Follow the manufacturer's instructions for dilution and application rates.
  - Monitor the crop for signs of disease recurrence and adjust the treatment schedule accordingly.

- **Biological Solutions**:
  - Introduce beneficial microorganisms that can suppress fungal pathogens. For example, beneficial fungi like Trichoderma can be applied to the soil or sprayed onto the leaves.
  - Use biofungicides that contain living microorganisms that compete with or inhibit the growth of the pathogen. Examples include Bacillus subtilis or Pseudomonas fluorescens.
  - Maintain a healthy soil ecosystem by using organic matter and promoting beneficial microbial activity.

- **Mechanical Solutions**:
  - Remove and destroy infected leaves to prevent the spread of the disease. This can be done manually or with a leaf blower.
  - Ensure proper crop spacing to improve air circulation and reduce humidity around the leaves.
  - Regularly check the crop for signs of disease and remove any infected plants to prevent the spread of the disease.

- **Environmental Solutions**:
  - Maintain proper irrigation practices to avoid waterlogging and ensure adequate drainage. Overwatering can create a humid environment that is conducive to fungal growth.
  - Improve air circulation by ensuring that the crop is not overcrowded and by using fans or wind machines to move air through the crop.
  - Monitor and control humidity levels in the environment. High humidity can promote fungal growth, so it is important to keep the humidity levels within a suitable range for the crop.

- **Precautions**:
  - Always follow the instructions on the product labels for chemical applications to ensure safety and efficacy.
  - Use biological and mechanical solutions in conjunction with environmental management practices to create a balanced approach to disease control.
  - Regularly assess the crop for signs of disease recurrence and adjust the control measures accordingly.

By implementing a combination of these solutions, the crop can be effectively managed to reduce the impact of the fungal disease and promote healthy growth.