Sender    : client1
Receiver  : client2
Timestamp : 2025-12-25T05:08:50.872896
Size      : 2394 bytes
------------------------------------------------------------

### SECTION 1: PROBLEM ANALYSIS

- **Crop Condition**: The image shows a leaf with numerous small, dark brown spots scattered across the surface. This indicates a possible fungal disease.
- **Visible Symptoms**: The spots are irregular in shape and size, and they appear to be concentrated along the veins of the leaf. The leaf also shows signs of yellowing, which could be a result of the disease or stress.
- **Probable Causes**: The presence of these spots suggests a fungal infection, which can be caused by various pathogens. Factors such as high humidity, poor air circulation, and waterlogging can exacerbate the problem. The yellowing could be due to nutrient deficiencies or the plant's response to the disease.

### SECTION 2: ALL POSSIBLE SOLUTIONS

- **Chemical Solutions**:
  - Apply a fungicide specifically targeted against the identified fungal pathogen. Ensure to follow the manufacturer's instructions regarding application rates and intervals.
  - Monitor the effectiveness of the fungicide and be prepared to adjust the treatment if necessary.

- **Biological Solutions**:
  - Introduce beneficial microorganisms or fungi that can compete with or suppress the pathogen. These can be applied as a spray or soil drench.
  - Encourage the growth of beneficial insects or mites that feed on the fungal spores or larvae.

- **Mechanical Solutions**:
  - Remove and destroy infected leaves to prevent the spread of the disease. This can be done manually or with a leaf blower.
  - Ensure proper irrigation practices to avoid waterlogging and promote good air circulation around the plants.

- **Environmental Solutions**:
  - Improve the overall health of the plants by ensuring they receive adequate nutrients and water.
  - Maintain good air circulation in the growing area to reduce the humidity and prevent the spread of fungal spores.
  - Ensure the plants are not overcrowded to allow for better air circulation and reduce the risk of disease spread.

- **Precautions**:
  - Always read and follow the safety instructions provided with any chemical treatments.
  - Use biological controls in a controlled environment to avoid unintended consequences.
  - Regularly monitor the plants for signs of disease recurrence and adjust the management strategies accordingly.

By considering these solutions, the likelihood of managing the fungal disease effectively can be increased.