Sender    : client1
Receiver  : client2
Timestamp : 2025-12-25T04:52:10.426028
Size      : 2802 bytes
------------------------------------------------------------

### SECTION 1: PROBLEM ANALYSIS

- **Crop Condition**: The image shows a leaf with numerous small, dark brown to black spots scattered across the surface. This is indicative of a fungal disease, likely rust or a similar foliar disease.
- **Visible Symptoms**: The spots are circular or irregular in shape and are concentrated on the upper surface of the leaf. This suggests a pathogen that is primarily on the upper leaf surface, which is typical for many fungal diseases.
- **Probable Causes**: The presence of these spots is likely due to a fungal pathogen that has infected the leaf. The environmental conditions, such as humidity and temperature, can significantly influence the development and spread of fungal diseases. High humidity and warm temperatures are conducive to fungal growth and disease development.

### SECTION 2: ALL POSSIBLE SOLUTIONS

- **Chemical Solutions**:
  - Apply a fungicide specifically targeted against rust or similar fungal diseases. Ensure to follow the label instructions for application timing, concentration, and coverage to avoid damage to the plant and ensure effectiveness.
  - Monitor the weather conditions and apply fungicides during periods of high humidity to enhance the effectiveness of the treatment.

- **Biological Solutions**:
  - Introduce beneficial fungi or bacteria that can compete with or suppress the growth of the pathogen. These can be applied as a spray or mixed into the soil.
  - Encourage the growth of beneficial microorganisms in the soil, which can help suppress pathogen populations.

- **Mechanical Solutions**:
  - Remove and destroy infected leaves to prevent the spread of the disease. This can be done manually or through mechanical means such as leaf harvesters.
  - Ensure proper crop spacing to allow for better air circulation, which can help reduce humidity and slow the spread of the disease.

- **Environmental Solutions**:
  - Maintain proper irrigation practices to avoid overwatering, which can promote fungal growth.
  - Ensure good air circulation around the plants to reduce humidity levels, which can help prevent the spread of the disease.
  - Consider using reflective mulches or reflective paint on the leaves to reduce the amount of moisture on the leaf surface, which can help prevent fungal growth.

- **Precautions**:
  - Always read and follow the instructions on the product labels for any chemical treatments to avoid overuse or misuse.
  - Ensure that any biological treatments are compatible with the ecosystem of the crop and do not introduce new pests or diseases.
  - Regularly monitor the crop for signs of disease recurrence and adjust management practices accordingly.

By implementing these solutions, the likelihood of managing and controlling the fungal disease can be significantly improved.