Sender    : client3
Receiver  : client1
Timestamp : 2025-12-27T19:29:12.614436
Size      : 2143 bytes
------------------------------------------------------------

CLIENT3 EXECUTION REPORT:
FINAL MULTI-AGENT TASK PLAN

CLIENT1 (perception):
 - **Mechanical Solutions**:
 - Maintain proper field drainage to avoid waterlogging, which can exacerbate fungal growth.
 - Ensure that all biological and mechanical solutions are applied consistently and thoroughly.

CLIENT2 (planner):
 - **Crop Condition**: The image shows a plant with brown spots and discoloration on the leaves, which is indicative of a fungal disease.
 - **Probable Causes**: The brown spots on the leaves suggest a fungal disease, possibly Alternaria leaf blight or another similar fungal infection. This is common in crops like wheat, barley, and other grasses. The disease can be spread through wind, rain, or infected seeds and can thrive in humid conditions.
 - **Chemical Solutions**:
 - Apply fungicides specifically targeted against the identified fungal pathogen. Ensure to follow the manufacturer's instructions for application rates and timing.
 - **Biological Solutions**:
 - Use biocontrol agents such as Trichoderma, which can suppress fungal diseases.
 - **Environmental Solutions**:
 - Ensure adequate air circulation around the plants to reduce humidity and promote drying of the leaves.
 - Monitor the weather and environmental conditions to predict disease outbreaks and take preventive measures.
 - Always test any new chemical treatments on a small area of the field before applying them to the entire crop.
 - Regularly monitor the crop for signs of disease recurrence and adjust management strategies accordingly.

CLIENT3 (executor):
 - **Visible Symptoms**: The symptoms include brown spots and discoloration on the leaf surface. These spots are typically associated with fungal infections.
 - Use a protective spray to prevent the spread of the disease to healthy parts of the plant.
 - Introduce beneficial fungi or bacteria that can compete with the pathogenic fungi for resources, thereby reducing the disease.
 - Regularly remove and dispose of infected plant parts to prevent the spread of the disease.
 - Practice crop rotation to reduce the buildup of disease-causing agents in the soil.
 - **Precautions**:

