Sender    : client2
Receiver  : client3
Timestamp : 2025-12-25T05:07:43.159605
Size      : 2999 bytes
------------------------------------------------------------

FINAL MULTI-AGENT TASK PLAN

CLIENT1 (perception):
 - **Probable Causes**: Based on the symptoms, this could be a fungal disease, such as brown spot or leaf blight. Common fungal pathogens that cause such symptoms include Alternaria, Cladosporium, or Septoria. The presence of these pathogens is often associated with high humidity and poor air circulation, which can create favorable conditions for fungal growth.
 - Maintain a healthy soil ecosystem by using organic matter and promoting beneficial microbial activity.
 - Remove and destroy infected leaves to prevent the spread of the disease. This can be done manually or with a leaf blower.
 - Maintain proper irrigation practices to avoid waterlogging and ensure adequate drainage. Overwatering can create a humid environment that is conducive to fungal growth.
 - Regularly assess the crop for signs of disease recurrence and adjust the control measures accordingly.

CLIENT2 (planner):
 - **Crop Condition**: The image shows a crop with leaf blades that exhibit brown spots and lesions. These symptoms are indicative of a disease.
 - **Visible Symptoms**: The brown spots are scattered across the leaf surface, and some lesions appear to have a concentric ring pattern, which is characteristic of fungal diseases.
 - **Chemical Solutions**:
 - Apply a fungicide with a broad-spectrum action to control the fungus. Examples include copper-based fungicides or triazole fungicides like Tebuconazole or Propiconazole.
 - Ensure proper application timing and coverage to maximize efficacy. Follow the manufacturer's instructions for dilution and application rates.
 - Monitor the crop for signs of disease recurrence and adjust the treatment schedule accordingly.
 - **Biological Solutions**:
 - Use biofungicides that contain living microorganisms that compete with or inhibit the growth of the pathogen. Examples include Bacillus subtilis or Pseudomonas fluorescens.
 - **Mechanical Solutions**:
 - Ensure proper crop spacing to improve air circulation and reduce humidity around the leaves.
 - Regularly check the crop for signs of disease and remove any infected plants to prevent the spread of the disease.
 - Improve air circulation by ensuring that the crop is not overcrowded and by using fans or wind machines to move air through the crop.
 - **Precautions**:
 - Use biological and mechanical solutions in conjunction with environmental management practices to create a balanced approach to disease control.

CLIENT3 (executor):
 - Introduce beneficial microorganisms that can suppress fungal pathogens. For example, beneficial fungi like Trichoderma can be applied to the soil or sprayed onto the leaves.
 - **Environmental Solutions**:
 - Monitor and control humidity levels in the environment. High humidity can promote fungal growth, so it is important to keep the humidity levels within a suitable range for the crop.
 - Always follow the instructions on the product labels for chemical applications to ensure safety and efficacy.

